.next/dev/types/validator.ts(161,39): error TS2306: File 'C:/laragon/www/taskflow-pro/src/app/api/test-db/route.ts' is not a module.
